###############################################################################
#
# IAR ELF Linker V8.40.1.212/W32 for ARM                  25/Jun/2020  12:30:11
# Copyright 2007-2019 IAR Systems AB.
#
#    Output file  =
#        C:\Users\e.anfimov\Documents\C_blink\Debug\Exe\CMSIS_DISCf3_prj.out
#    Map file     =
#        C:\Users\e.anfimov\Documents\C_blink\Debug\List\CMSIS_DISCf3_prj.map
#    Command line =
#        -f C:\Users\E024B~1.ANF\AppData\Local\Temp\EWC3B0.tmp
#        (C:\Users\e.anfimov\Documents\C_blink\Debug\Obj\main.o
#        C:\Users\e.anfimov\Documents\C_blink\Debug\Obj\startup_stm32f303xc.o
#        C:\Users\e.anfimov\Documents\C_blink\Debug\Obj\system_stm32f3xx.o
#        --no_out_extension -o
#        C:\Users\e.anfimov\Documents\C_blink\Debug\Exe\CMSIS_DISCf3_prj.out
#        --redirect _Printf=_PrintfFullNoMb --redirect _Scanf=_ScanfFullNoMb
#        --map
#        C:\Users\e.anfimov\Documents\C_blink\Debug\List\CMSIS_DISCf3_prj.map
#        --config "C:\Program Files (x86)\IAR Systems\Embedded Workbench
#        8.3\arm\config\linker\ST\stm32f303xC.icf" --semihosting --entry
#        __iar_program_start --vfe --text_out locale)
#
###############################################################################

*******************************************************************************
*** RUNTIME MODEL ATTRIBUTES
***

CppFlavor       = *
__SystemLibrary = DLib
__dlib_version  = 6


*******************************************************************************
*** HEAP SELECTION
***

The basic heap was selected because no calls to memory allocation
functions were found in the application outside of system library
functions, and there are calls to deallocation functions in the
application.


*******************************************************************************
*** PLACEMENT SUMMARY
***

"A0":  place at address 0x800'0000 { ro section .intvec };
"P1":  place in [from 0x800'0000 to 0x803'ffff] { ro };
define block CSTACK with size = 8K, alignment = 8 { };
define block HEAP with size = 8K, alignment = 8 { };
"P2":  place in [from 0x2000'0000 to 0x2000'9fff] {
          rw, block CSTACK, block HEAP };

No sections matched the following patterns:

  rw               in "P2"
  section .ccmram  in "P3"


  Section   Kind         Address    Size  Object
  -------   ----         -------    ----  ------
"A0":                              0x188
  .intvec   ro code   0x800'0000   0x188  startup_stm32f303xc.o [1]
                    - 0x800'0188   0x188

"P1":                              0x23c
  .text     ro code   0x800'0188    0x6c  main.o [1]
  .text     ro code   0x800'01f4    0x22  fpinit_M.o [3]
  .text     ro code   0x800'0218    0x1e  cmain.o [4]
  .text     ro code   0x800'0236     0x4  low_level_init.o [2]
  .text     ro code   0x800'023a     0x4  exit.o [2]
  .text     ro code   0x800'0240     0xa  cexit.o [4]
  .text     ro code   0x800'024c    0x14  exit.o [5]
  .text     ro code   0x800'0260    0x1c  system_stm32f3xx.o [1]
  .text     ro code   0x800'027c    0x10  startup_stm32f303xc.o [1]
  .text     ro code   0x800'028c     0xc  cstartup_M.o [4]
  .text     ro code   0x800'0298     0x4  startup_stm32f303xc.o [1]
  .text     ro code   0x800'029c     0x4  startup_stm32f303xc.o [1]
  .text     ro code   0x800'02a0     0x4  startup_stm32f303xc.o [1]
  .text     ro code   0x800'02a4     0x4  startup_stm32f303xc.o [1]
  .text     ro code   0x800'02a8     0x4  startup_stm32f303xc.o [1]
  .text     ro code   0x800'02ac     0x4  startup_stm32f303xc.o [1]
  .text     ro code   0x800'02b0     0x4  startup_stm32f303xc.o [1]
  .text     ro code   0x800'02b4     0x4  startup_stm32f303xc.o [1]
  .text     ro code   0x800'02b8     0x4  startup_stm32f303xc.o [1]
  .text     ro code   0x800'02bc     0x4  startup_stm32f303xc.o [1]
  .text     ro code   0x800'02c0     0x4  startup_stm32f303xc.o [1]
  .text     ro code   0x800'02c4     0x4  startup_stm32f303xc.o [1]
  .text     ro code   0x800'02c8     0x4  startup_stm32f303xc.o [1]
  .text     ro code   0x800'02cc     0x4  startup_stm32f303xc.o [1]
  .text     ro code   0x800'02d0     0x4  startup_stm32f303xc.o [1]
  .text     ro code   0x800'02d4     0x4  startup_stm32f303xc.o [1]
  .text     ro code   0x800'02d8     0x4  startup_stm32f303xc.o [1]
  .text     ro code   0x800'02dc     0x4  startup_stm32f303xc.o [1]
  .text     ro code   0x800'02e0     0x4  startup_stm32f303xc.o [1]
  .text     ro code   0x800'02e4     0x4  startup_stm32f303xc.o [1]
  .text     ro code   0x800'02e8     0x4  startup_stm32f303xc.o [1]
  .text     ro code   0x800'02ec     0x4  startup_stm32f303xc.o [1]
  .text     ro code   0x800'02f0     0x4  startup_stm32f303xc.o [1]
  .text     ro code   0x800'02f4     0x4  startup_stm32f303xc.o [1]
  .text     ro code   0x800'02f8     0x4  startup_stm32f303xc.o [1]
  .text     ro code   0x800'02fc     0x4  startup_stm32f303xc.o [1]
  .text     ro code   0x800'0300     0x4  startup_stm32f303xc.o [1]
  .text     ro code   0x800'0304     0x4  startup_stm32f303xc.o [1]
  .text     ro code   0x800'0308     0x4  startup_stm32f303xc.o [1]
  .text     ro code   0x800'030c     0x4  startup_stm32f303xc.o [1]
  .text     ro code   0x800'0310     0x4  startup_stm32f303xc.o [1]
  .text     ro code   0x800'0314     0x4  startup_stm32f303xc.o [1]
  .text     ro code   0x800'0318     0x4  startup_stm32f303xc.o [1]
  .text     ro code   0x800'031c     0x4  startup_stm32f303xc.o [1]
  .text     ro code   0x800'0320     0x4  startup_stm32f303xc.o [1]
  .text     ro code   0x800'0324     0x4  startup_stm32f303xc.o [1]
  .text     ro code   0x800'0328     0x4  startup_stm32f303xc.o [1]
  .text     ro code   0x800'032c     0x4  startup_stm32f303xc.o [1]
  .text     ro code   0x800'0330     0x4  startup_stm32f303xc.o [1]
  .text     ro code   0x800'0334     0x4  startup_stm32f303xc.o [1]
  .text     ro code   0x800'0338     0x4  startup_stm32f303xc.o [1]
  .text     ro code   0x800'033c     0x4  startup_stm32f303xc.o [1]
  .text     ro code   0x800'0340     0x4  startup_stm32f303xc.o [1]
  .text     ro code   0x800'0344     0x4  startup_stm32f303xc.o [1]
  .text     ro code   0x800'0348     0x4  startup_stm32f303xc.o [1]
  .text     ro code   0x800'034c     0x4  startup_stm32f303xc.o [1]
  .text     ro code   0x800'0350     0x4  startup_stm32f303xc.o [1]
  .text     ro code   0x800'0354     0x4  startup_stm32f303xc.o [1]
  .text     ro code   0x800'0358     0x4  startup_stm32f303xc.o [1]
  .text     ro code   0x800'035c     0x4  startup_stm32f303xc.o [1]
  .text     ro code   0x800'0360     0x4  startup_stm32f303xc.o [1]
  .text     ro code   0x800'0364     0x4  startup_stm32f303xc.o [1]
  .text     ro code   0x800'0368     0x4  startup_stm32f303xc.o [1]
  .text     ro code   0x800'036c     0x4  startup_stm32f303xc.o [1]
  .text     ro code   0x800'0370     0x4  startup_stm32f303xc.o [1]
  .text     ro code   0x800'0374     0x4  startup_stm32f303xc.o [1]
  .text     ro code   0x800'0378     0x4  startup_stm32f303xc.o [1]
  .text     ro code   0x800'037c     0x4  startup_stm32f303xc.o [1]
  .text     ro code   0x800'0380     0x4  startup_stm32f303xc.o [1]
  .text     ro code   0x800'0384     0x4  startup_stm32f303xc.o [1]
  .text     ro code   0x800'0388     0x4  startup_stm32f303xc.o [1]
  .text     ro code   0x800'038c     0x4  startup_stm32f303xc.o [1]
  .text     ro code   0x800'0390     0x4  startup_stm32f303xc.o [1]
  .text     ro code   0x800'0394     0x4  startup_stm32f303xc.o [1]
  .text     ro code   0x800'0398     0x4  startup_stm32f303xc.o [1]
  .text     ro code   0x800'039c     0x4  startup_stm32f303xc.o [1]
  .text     ro code   0x800'03a0     0x4  startup_stm32f303xc.o [1]
  .text     ro code   0x800'03a4     0x4  startup_stm32f303xc.o [1]
  .text     ro code   0x800'03a8     0x4  startup_stm32f303xc.o [1]
  .text     ro code   0x800'03ac     0x4  startup_stm32f303xc.o [1]
  .text     ro code   0x800'03b0     0x4  startup_stm32f303xc.o [1]
  .text     ro code   0x800'03b4     0x4  startup_stm32f303xc.o [1]
  .text     ro code   0x800'03b8     0x4  startup_stm32f303xc.o [1]
  .text     ro code   0x800'03bc     0x4  startup_stm32f303xc.o [1]
  .text     ro code   0x800'03c0     0x4  startup_stm32f303xc.o [1]
                    - 0x800'03c4   0x23c

"P2":                             0x2000
  CSTACK             0x2000'0000  0x2000  <Block>
    CSTACK  uninit   0x2000'0000  0x2000  <Block tail>
                   - 0x2000'2000  0x2000

Unused ranges:

         From           To      Size
         ----           --      ----
   0x800'03c4   0x803'ffff  0x3'fc3c
  0x2000'2000  0x2000'9fff    0x8000



*******************************************************************************
*** MODULE SUMMARY
***

    Module                 ro code  rw data
    ------                 -------  -------
command line/config:
    ---------------------------------------
    Total:

C:\Users\e.anfimov\Documents\C_blink\Debug\Obj: [1]
    main.o                     108
    startup_stm32f303xc.o      708
    system_stm32f3xx.o          28
    ---------------------------------------
    Total:                     844

dl7M_tln.a: [2]
    exit.o                       4
    low_level_init.o             4
    ---------------------------------------
    Total:                       8

m7M_tls.a: [3]
    fpinit_M.o                  34
    ---------------------------------------
    Total:                      34

rt7M_tl.a: [4]
    cexit.o                     10
    cmain.o                     30
    cstartup_M.o                12
    ---------------------------------------
    Total:                      52

shb_l.a: [5]
    exit.o                      20
    ---------------------------------------
    Total:                      20

    Gaps                         6
    Linker created                    8'192
-------------------------------------------
    Grand Total:               964    8'192


*******************************************************************************
*** ENTRY LIST
***

Entry                     Address  Size  Type      Object
-----                     -------  ----  ----      ------
?main                  0x800'0219        Code  Gb  cmain.o [4]
CSTACK$$Base          0x2000'0000         --   Gb  - Linker created -
CSTACK$$Limit         0x2000'2000         --   Gb  - Linker created -
Region$$Table$$Base           0x0         --   Gb  - Linker created -
Region$$Table$$Limit          0x0         --   Gb  - Linker created -
SystemInit             0x800'0261  0x14  Code  Gb  system_stm32f3xx.o [1]
__cmain                0x800'0219        Code  Gb  cmain.o [4]
__exit                 0x800'024d  0x14  Code  Gb  exit.o [5]
__iar_init_vfp         0x800'01f5        Code  Gb  fpinit_M.o [3]
__iar_program_start    0x800'028d        Code  Gb  cstartup_M.o [4]
__low_level_init       0x800'0237   0x4  Code  Gb  low_level_init.o [2]
__vector_table         0x800'0000        Data  Gb  startup_stm32f303xc.o [1]
_call_main             0x800'0225        Code  Gb  cmain.o [4]
_exit                  0x800'0241        Code  Gb  cexit.o [4]
_main                  0x800'0233        Code  Gb  cmain.o [4]
delay                  0x800'0189   0xa  Code  Gb  main.o [1]
exit                   0x800'023b   0x4  Code  Gb  exit.o [2]
main                   0x800'0193  0x4c  Code  Gb  main.o [1]


[1] = C:\Users\e.anfimov\Documents\C_blink\Debug\Obj
[2] = dl7M_tln.a
[3] = m7M_tls.a
[4] = rt7M_tl.a
[5] = shb_l.a

    964 bytes of readonly  code memory
  8'192 bytes of readwrite data memory

Errors: none
Warnings: none
