###############################################################################
#
# IAR ELF Linker V8.40.1.212/W32 for ARM                  25/Jun/2020  11:02:20
# Copyright 2007-2019 IAR Systems AB.
#
#    Output file  =
#        C:\Users\e.anfimov\Documents\UART_test\EWARM\UART_test\Exe\UART_test.out
#    Map file     =
#        C:\Users\e.anfimov\Documents\UART_test\EWARM\UART_test\List\UART_test.map
#    Command line =
#        -f C:\Users\E024B~1.ANF\AppData\Local\Temp\EW31D5.tmp
#        (C:\Users\e.anfimov\Documents\UART_test\EWARM\UART_test\Obj\main.o
#        C:\Users\e.anfimov\Documents\UART_test\EWARM\UART_test\Obj\startup_stm32f303xc.o
#        C:\Users\e.anfimov\Documents\UART_test\EWARM\UART_test\Obj\stm32f3xx_hal.o
#        C:\Users\e.anfimov\Documents\UART_test\EWARM\UART_test\Obj\stm32f3xx_hal_cortex.o
#        C:\Users\e.anfimov\Documents\UART_test\EWARM\UART_test\Obj\stm32f3xx_hal_dma.o
#        C:\Users\e.anfimov\Documents\UART_test\EWARM\UART_test\Obj\stm32f3xx_hal_exti.o
#        C:\Users\e.anfimov\Documents\UART_test\EWARM\UART_test\Obj\stm32f3xx_hal_flash.o
#        C:\Users\e.anfimov\Documents\UART_test\EWARM\UART_test\Obj\stm32f3xx_hal_flash_ex.o
#        C:\Users\e.anfimov\Documents\UART_test\EWARM\UART_test\Obj\stm32f3xx_hal_gpio.o
#        C:\Users\e.anfimov\Documents\UART_test\EWARM\UART_test\Obj\stm32f3xx_hal_i2c.o
#        C:\Users\e.anfimov\Documents\UART_test\EWARM\UART_test\Obj\stm32f3xx_hal_i2c_ex.o
#        C:\Users\e.anfimov\Documents\UART_test\EWARM\UART_test\Obj\stm32f3xx_hal_msp.o
#        C:\Users\e.anfimov\Documents\UART_test\EWARM\UART_test\Obj\stm32f3xx_hal_pwr.o
#        C:\Users\e.anfimov\Documents\UART_test\EWARM\UART_test\Obj\stm32f3xx_hal_pwr_ex.o
#        C:\Users\e.anfimov\Documents\UART_test\EWARM\UART_test\Obj\stm32f3xx_hal_rcc.o
#        C:\Users\e.anfimov\Documents\UART_test\EWARM\UART_test\Obj\stm32f3xx_hal_rcc_ex.o
#        C:\Users\e.anfimov\Documents\UART_test\EWARM\UART_test\Obj\stm32f3xx_hal_tim.o
#        C:\Users\e.anfimov\Documents\UART_test\EWARM\UART_test\Obj\stm32f3xx_hal_tim_ex.o
#        C:\Users\e.anfimov\Documents\UART_test\EWARM\UART_test\Obj\stm32f3xx_hal_uart.o
#        C:\Users\e.anfimov\Documents\UART_test\EWARM\UART_test\Obj\stm32f3xx_hal_uart_ex.o
#        C:\Users\e.anfimov\Documents\UART_test\EWARM\UART_test\Obj\stm32f3xx_it.o
#        C:\Users\e.anfimov\Documents\UART_test\EWARM\UART_test\Obj\system_stm32f3xx.o
#        --redirect _Printf=_PrintfFull --redirect _Scanf=_ScanfFull
#        --no_out_extension -o
#        C:\Users\e.anfimov\Documents\UART_test\EWARM\UART_test\Exe\UART_test.out
#        --map
#        C:\Users\e.anfimov\Documents\UART_test\EWARM\UART_test\List\UART_test.map
#        --config
#        C:\Users\e.anfimov\Documents\UART_test\EWARM/stm32f303xc_flash.icf
#        --semihosting --entry __iar_program_start --vfe --text_out locale)
#
###############################################################################

*******************************************************************************
*** RUNTIME MODEL ATTRIBUTES
***

CppFlavor       = *
__SystemLibrary = DLib
__dlib_version  = 6


*******************************************************************************
*** HEAP SELECTION
***

The basic heap was selected because no calls to memory allocation
functions were found in the application outside of system library
functions, and there are calls to deallocation functions in the
application.


*******************************************************************************
*** PLACEMENT SUMMARY
***

"A0":  place at address 0x800'0000 { ro section .intvec };
"P1":  place in [from 0x800'0000 to 0x803'ffff] { ro };
define block CSTACK with size = 1K, alignment = 8 { };
define block HEAP with size = 512, alignment = 8 { };
"P2":  place in [from 0x2000'0000 to 0x2000'9fff] {
          rw, block CSTACK, block HEAP };
initialize by copy { rw };

  Section            Kind         Address    Size  Object
  -------            ----         -------    ----  ------
"A0":                                       0x188
  .intvec            ro code   0x800'0000   0x188  startup_stm32f303xc.o [1]
                             - 0x800'0188   0x188

"P1":                                      0x16a4
  .text              ro code   0x800'0188   0x7b2  stm32f3xx_hal_uart.o [1]
  .text              ro code   0x800'093a    0x3a  zero_init3.o [4]
  .text              ro code   0x800'0974    0xac  stm32f3xx_hal_msp.o [1]
  .text              ro code   0x800'0a20    0x50  stm32f3xx_hal_dma.o [1]
  .text              ro code   0x800'0a70     0x2  stm32f3xx_hal_uart.o [1]
  .text              ro code   0x800'0a72     0x2  stm32f3xx_hal_uart_ex.o [1]
  .text              ro code   0x800'0a74     0x2  stm32f3xx_hal_uart.o [1]
  .text              ro code   0x800'0a76    0x2e  copy_init3.o [4]
  .text              ro code   0x800'0aa4   0x4bc  stm32f3xx_hal_rcc.o [1]
  .text              ro code   0x800'0f60     0xc  stm32f3xx_hal.o [1]
  .text              ro code   0x800'0f6c     0x2  stm32f3xx_hal_uart.o [1]
  .text              ro code   0x800'0f6e    0x14  memset.o [4]
  .text              ro code   0x800'0f84   0x1bc  stm32f3xx_hal_gpio.o [1]
  .text              ro code   0x800'1140    0xc4  stm32f3xx_hal_cortex.o [1]
  .text              ro code   0x800'1204    0x40  stm32f3xx_hal.o [1]
  .text              ro code   0x800'1244    0x66  ABImemset.o [4]
  .text              ro code   0x800'12ac   0x1b4  stm32f3xx_hal_rcc_ex.o [1]
  .text              ro code   0x800'1460   0x134  main.o [1]
  .text              ro code   0x800'1594    0x24  stm32f3xx_hal.o [1]
  .text              ro code   0x800'15b8    0x28  stm32f3xx_hal.o [1]
  .text              ro code   0x800'15e0    0x2c  system_stm32f3xx.o [1]
  .text              ro code   0x800'160c    0x28  data_init.o [4]
  .text              ro code   0x800'1634    0x22  fpinit_M.o [3]
  .iar.init_table    const     0x800'1658    0x24  - Linker created -
  .text              ro code   0x800'167c    0x20  stm32f3xx_it.o [1]
  .text              ro code   0x800'169c    0x10  stm32f3xx_hal.o [1]
  .text              ro code   0x800'16ac    0x1e  cmain.o [4]
  .text              ro code   0x800'16ca     0x4  low_level_init.o [2]
  .text              ro code   0x800'16ce     0x4  exit.o [2]
  .text              ro code   0x800'16d4     0xa  cexit.o [4]
  .text              ro code   0x800'16e0    0x14  exit.o [5]
  .text              ro code   0x800'16f4    0x10  startup_stm32f303xc.o [1]
  Initializer bytes  const     0x800'1704    0x10  <for P2-1>
  .text              ro code   0x800'1714     0xc  cstartup_M.o [4]
  .rodata            const     0x800'1720     0x8  system_stm32f3xx.o [1]
  .text              ro code   0x800'1728     0x4  startup_stm32f303xc.o [1]
  .text              ro code   0x800'172c     0x4  startup_stm32f303xc.o [1]
  .text              ro code   0x800'1730     0x4  startup_stm32f303xc.o [1]
  .text              ro code   0x800'1734     0x4  startup_stm32f303xc.o [1]
  .text              ro code   0x800'1738     0x4  startup_stm32f303xc.o [1]
  .text              ro code   0x800'173c     0x4  startup_stm32f303xc.o [1]
  .text              ro code   0x800'1740     0x4  startup_stm32f303xc.o [1]
  .text              ro code   0x800'1744     0x4  startup_stm32f303xc.o [1]
  .text              ro code   0x800'1748     0x4  startup_stm32f303xc.o [1]
  .text              ro code   0x800'174c     0x4  startup_stm32f303xc.o [1]
  .text              ro code   0x800'1750     0x4  startup_stm32f303xc.o [1]
  .text              ro code   0x800'1754     0x4  startup_stm32f303xc.o [1]
  .text              ro code   0x800'1758     0x4  startup_stm32f303xc.o [1]
  .text              ro code   0x800'175c     0x4  startup_stm32f303xc.o [1]
  .text              ro code   0x800'1760     0x4  startup_stm32f303xc.o [1]
  .text              ro code   0x800'1764     0x4  startup_stm32f303xc.o [1]
  .text              ro code   0x800'1768     0x4  startup_stm32f303xc.o [1]
  .text              ro code   0x800'176c     0x4  startup_stm32f303xc.o [1]
  .text              ro code   0x800'1770     0x4  startup_stm32f303xc.o [1]
  .text              ro code   0x800'1774     0x4  startup_stm32f303xc.o [1]
  .text              ro code   0x800'1778     0x4  startup_stm32f303xc.o [1]
  .text              ro code   0x800'177c     0x4  startup_stm32f303xc.o [1]
  .text              ro code   0x800'1780     0x4  startup_stm32f303xc.o [1]
  .text              ro code   0x800'1784     0x4  startup_stm32f303xc.o [1]
  .text              ro code   0x800'1788     0x4  startup_stm32f303xc.o [1]
  .text              ro code   0x800'178c     0x4  startup_stm32f303xc.o [1]
  .text              ro code   0x800'1790     0x4  startup_stm32f303xc.o [1]
  .text              ro code   0x800'1794     0x4  startup_stm32f303xc.o [1]
  .text              ro code   0x800'1798     0x4  startup_stm32f303xc.o [1]
  .text              ro code   0x800'179c     0x4  startup_stm32f303xc.o [1]
  .text              ro code   0x800'17a0     0x4  startup_stm32f303xc.o [1]
  .text              ro code   0x800'17a4     0x4  startup_stm32f303xc.o [1]
  .text              ro code   0x800'17a8     0x4  startup_stm32f303xc.o [1]
  .text              ro code   0x800'17ac     0x4  startup_stm32f303xc.o [1]
  .text              ro code   0x800'17b0     0x4  startup_stm32f303xc.o [1]
  .text              ro code   0x800'17b4     0x4  startup_stm32f303xc.o [1]
  .text              ro code   0x800'17b8     0x4  startup_stm32f303xc.o [1]
  .text              ro code   0x800'17bc     0x4  startup_stm32f303xc.o [1]
  .text              ro code   0x800'17c0     0x4  startup_stm32f303xc.o [1]
  .text              ro code   0x800'17c4     0x4  startup_stm32f303xc.o [1]
  .text              ro code   0x800'17c8     0x4  startup_stm32f303xc.o [1]
  .text              ro code   0x800'17cc     0x4  startup_stm32f303xc.o [1]
  .text              ro code   0x800'17d0     0x4  startup_stm32f303xc.o [1]
  .text              ro code   0x800'17d4     0x4  startup_stm32f303xc.o [1]
  .text              ro code   0x800'17d8     0x4  startup_stm32f303xc.o [1]
  .text              ro code   0x800'17dc     0x4  startup_stm32f303xc.o [1]
  .text              ro code   0x800'17e0     0x4  startup_stm32f303xc.o [1]
  .text              ro code   0x800'17e4     0x4  startup_stm32f303xc.o [1]
  .text              ro code   0x800'17e8     0x4  startup_stm32f303xc.o [1]
  .text              ro code   0x800'17ec     0x4  startup_stm32f303xc.o [1]
  .text              ro code   0x800'17f0     0x4  startup_stm32f303xc.o [1]
  .text              ro code   0x800'17f4     0x4  startup_stm32f303xc.o [1]
  .text              ro code   0x800'17f8     0x4  startup_stm32f303xc.o [1]
  .text              ro code   0x800'17fc     0x4  startup_stm32f303xc.o [1]
  .text              ro code   0x800'1800     0x4  startup_stm32f303xc.o [1]
  .text              ro code   0x800'1804     0x4  startup_stm32f303xc.o [1]
  .text              ro code   0x800'1808     0x4  startup_stm32f303xc.o [1]
  .text              ro code   0x800'180c     0x4  startup_stm32f303xc.o [1]
  .text              ro code   0x800'1810     0x4  startup_stm32f303xc.o [1]
  .text              ro code   0x800'1814     0x4  startup_stm32f303xc.o [1]
  .text              ro code   0x800'1818     0x4  startup_stm32f303xc.o [1]
  .text              ro code   0x800'181c     0x4  startup_stm32f303xc.o [1]
  .text              ro code   0x800'1820     0x4  startup_stm32f303xc.o [1]
  .text              ro code   0x800'1824     0x4  startup_stm32f303xc.o [1]
  .text              ro code   0x800'1828     0x4  startup_stm32f303xc.o [1]
  .rodata            const     0x800'182c     0x0  zero_init3.o [4]
  .rodata            const     0x800'182c     0x0  copy_init3.o [4]
                             - 0x800'182c  0x16a4

"P2", part 1 of 3:                           0x10
  P2-1                        0x2000'0000    0x10  <Init block>
    .data            inited   0x2000'0000     0xc  stm32f3xx_hal.o [1]
    .data            inited   0x2000'000c     0x4  system_stm32f3xx.o [1]
                            - 0x2000'0010    0x10

"P2", part 2 of 3:                           0x80
  .bss               zero     0x2000'0010    0x80  main.o [1]
                            - 0x2000'0090    0x80

"P2", part 3 of 3:                          0x400
  CSTACK                      0x2000'0090   0x400  <Block>
    CSTACK           uninit   0x2000'0090   0x400  <Block tail>
                            - 0x2000'0490   0x400

Unused ranges:

         From           To      Size
         ----           --      ----
   0x800'182c   0x803'ffff  0x3'e7d4
  0x2000'0490  0x2000'9fff    0x9b70


*******************************************************************************
*** INIT TABLE
***

          Address      Size
          -------      ----
Zero (__iar_zero_init3)
    1 destination range, total size 0x80:
          0x2000'0010  0x80

Copy (__iar_copy_init3)
    1 source range, total size 0x10:
           0x800'1704  0x10
    1 destination range, total size 0x10:
          0x2000'0000  0x10



*******************************************************************************
*** MODULE SUMMARY
***

    Module                   ro code  ro data  rw data
    ------                   -------  -------  -------
command line/config:
    --------------------------------------------------
    Total:

C:\Users\e.anfimov\Documents\UART_test\EWARM\UART_test\Obj: [1]
    main.o                       308               128
    startup_stm32f303xc.o        668
    stm32f3xx_hal.o              168       12       12
    stm32f3xx_hal_cortex.o       196
    stm32f3xx_hal_dma.o           80
    stm32f3xx_hal_gpio.o         444
    stm32f3xx_hal_msp.o          172
    stm32f3xx_hal_rcc.o        1'212
    stm32f3xx_hal_rcc_ex.o       436
    stm32f3xx_hal_uart.o       1'976
    stm32f3xx_hal_uart_ex.o        2
    stm32f3xx_it.o                32
    system_stm32f3xx.o            44       12        4
    --------------------------------------------------
    Total:                     5'738       24      144

dl7M_tln.a: [2]
    exit.o                         4
    low_level_init.o               4
    --------------------------------------------------
    Total:                         8

m7M_tls.a: [3]
    fpinit_M.o                    34
    --------------------------------------------------
    Total:                        34

rt7M_tl.a: [4]
    ABImemset.o                  102
    cexit.o                       10
    cmain.o                       30
    copy_init3.o                  46
    cstartup_M.o                  12
    data_init.o                   40
    memset.o                      20
    zero_init3.o                  58
    --------------------------------------------------
    Total:                       318

shb_l.a: [5]
    exit.o                        20
    --------------------------------------------------
    Total:                        20

    Gaps                           8        2
    Linker created                         36    1'024
------------------------------------------------------
    Grand Total:               6'126       62    1'168


*******************************************************************************
*** ENTRY LIST
***

Entry                       Address   Size  Type      Object
-----                       -------   ----  ----      ------
.iar.init_table$$Base    0x800'1658          --   Gb  - Linker created -
.iar.init_table$$Limit   0x800'167c          --   Gb  - Linker created -
?main                    0x800'16ad         Code  Gb  cmain.o [4]
AHBPrescTable            0x800'15fc   0x10  Data  Gb  system_stm32f3xx.o [1]
APBPrescTable            0x800'1720    0x8  Data  Gb  system_stm32f3xx.o [1]
BusFault_Handler         0x800'1683    0x2  Code  Gb  stm32f3xx_it.o [1]
CSTACK$$Base            0x2000'0090          --   Gb  - Linker created -
CSTACK$$Limit           0x2000'0490          --   Gb  - Linker created -
DebugMon_Handler         0x800'1689    0x2  Code  Gb  stm32f3xx_it.o [1]
HAL_DMA_Abort_IT         0x800'0a21   0x40  Code  Gb  stm32f3xx_hal_dma.o [1]
HAL_Delay                0x800'15b9   0x28  Code  Wk  stm32f3xx_hal.o [1]
HAL_GPIO_Init            0x800'0f85  0x1a0  Code  Gb  stm32f3xx_hal_gpio.o [1]
HAL_GetTick              0x800'0f61    0xc  Code  Wk  stm32f3xx_hal.o [1]
HAL_IncTick              0x800'169d   0x10  Code  Wk  stm32f3xx_hal.o [1]
HAL_Init                 0x800'1595   0x20  Code  Gb  stm32f3xx_hal.o [1]
HAL_InitTick             0x800'1205   0x40  Code  Wk  stm32f3xx_hal.o [1]
HAL_MspInit              0x800'0975   0x2c  Code  Gb  stm32f3xx_hal_msp.o [1]
HAL_NVIC_EnableIRQ       0x800'11af   0x16  Code  Gb  stm32f3xx_hal_cortex.o [1]
HAL_NVIC_SetPriority     0x800'1175   0x3a  Code  Gb  stm32f3xx_hal_cortex.o [1]
HAL_NVIC_SetPriorityGrouping
                         0x800'115b   0x1a  Code  Gb  stm32f3xx_hal_cortex.o [1]
HAL_RCCEx_PeriphCLKConfig
                         0x800'12ad  0x1a8  Code  Gb  stm32f3xx_hal_rcc_ex.o [1]
HAL_RCC_ClockConfig      0x800'0db5   0xde  Code  Gb  stm32f3xx_hal_rcc.o [1]
HAL_RCC_GetPCLK1Freq     0x800'0eed   0x10  Code  Gb  stm32f3xx_hal_rcc.o [1]
HAL_RCC_GetPCLK2Freq     0x800'0efd    0xe  Code  Gb  stm32f3xx_hal_rcc.o [1]
HAL_RCC_GetSysClockFreq
                         0x800'0eb1   0x3c  Code  Gb  stm32f3xx_hal_rcc.o [1]
HAL_RCC_OscConfig        0x800'0aa5  0x308  Code  Gb  stm32f3xx_hal_rcc.o [1]
HAL_SYSTICK_Config       0x800'11c5   0x28  Code  Gb  stm32f3xx_hal_cortex.o [1]
HAL_UARTEx_WakeupCallback
                         0x800'0a73    0x2  Code  Wk  stm32f3xx_hal_uart_ex.o [1]
HAL_UART_IRQHandler      0x800'02fb  0x15e  Code  Gb  stm32f3xx_hal_uart.o [1]
HAL_UART_Init            0x800'0189   0x30  Code  Gb  stm32f3xx_hal_uart.o [1]
HAL_UART_MspInit         0x800'09a1   0x70  Code  Gb  stm32f3xx_hal_msp.o [1]
HAL_UART_Receive_IT      0x800'0269   0x8c  Code  Gb  stm32f3xx_hal_uart.o [1]
HAL_UART_Transmit_IT     0x800'0209   0x60  Code  Gb  stm32f3xx_hal_uart.o [1]
HardFault_Handler        0x800'167f    0x2  Code  Gb  stm32f3xx_it.o [1]
MemManage_Handler        0x800'1681    0x2  Code  Gb  stm32f3xx_it.o [1]
NMI_Handler              0x800'167d    0x2  Code  Gb  stm32f3xx_it.o [1]
PendSV_Handler           0x800'168b    0x2  Code  Gb  stm32f3xx_it.o [1]
Region$$Table$$Base      0x800'1658          --   Gb  - Linker created -
Region$$Table$$Limit     0x800'167c          --   Gb  - Linker created -
SVC_Handler              0x800'1687    0x2  Code  Gb  stm32f3xx_it.o [1]
SysTick_Handler          0x800'168d    0x4  Code  Gb  stm32f3xx_it.o [1]
SystemClock_Config       0x800'1511   0x5e  Code  Gb  main.o [1]
SystemCoreClock         0x2000'000c    0x4  Data  Gb  system_stm32f3xx.o [1]
SystemInit               0x800'15e1   0x14  Code  Gb  system_stm32f3xx.o [1]
UART4_IRQHandler         0x800'1691    0x6  Code  Gb  stm32f3xx_it.o [1]
UART_AdvFeatureConfig    0x800'0661   0xc6  Code  Gb  stm32f3xx_hal_uart.o [1]
UART_CheckIdleState      0x800'0727   0x5a  Code  Gb  stm32f3xx_hal_uart.o [1]
UART_DMAAbortOnError     0x800'0845   0x10  Code  Lc  stm32f3xx_hal_uart.o [1]
UART_EndRxTransfer       0x800'080f   0x1e  Code  Lc  stm32f3xx_hal_uart.o [1]
UART_RxISR_16BIT         0x800'08cd   0x24  Code  Lc  stm32f3xx_hal_uart.o [1]
UART_RxISR_8BIT          0x800'08a9   0x24  Code  Lc  stm32f3xx_hal_uart.o [1]
UART_SetConfig           0x800'0465  0x1c6  Code  Gb  stm32f3xx_hal_uart.o [1]
UART_TxISR_16BIT         0x800'087d   0x2c  Code  Lc  stm32f3xx_hal_uart.o [1]
UART_TxISR_8BIT          0x800'0855   0x28  Code  Lc  stm32f3xx_hal_uart.o [1]
UART_WaitOnFlagUntilTimeout
                         0x800'0781   0x78  Code  Gb  stm32f3xx_hal_uart.o [1]
UsageFault_Handler       0x800'1685    0x2  Code  Gb  stm32f3xx_it.o [1]
__NVIC_SetPriority       0x800'1141   0x1a  Code  Lc  stm32f3xx_hal_cortex.o [1]
__aeabi_memset           0x800'1245         Code  Gb  ABImemset.o [4]
__cmain                  0x800'16ad         Code  Gb  cmain.o [4]
__exit                   0x800'16e1   0x14  Code  Gb  exit.o [5]
__iar_Memset             0x800'1245         Code  Gb  ABImemset.o [4]
__iar_Memset_word        0x800'124d         Code  Gb  ABImemset.o [4]
__iar_copy_init3         0x800'0a77   0x2e  Code  Gb  copy_init3.o [4]
__iar_data_init3         0x800'160d   0x28  Code  Gb  data_init.o [4]
__iar_init_vfp           0x800'1635         Code  Gb  fpinit_M.o [3]
__iar_program_start      0x800'1715         Code  Gb  cstartup_M.o [4]
__iar_zero_init3         0x800'093b   0x3a  Code  Gb  zero_init3.o [4]
__low_level_init         0x800'16cb    0x4  Code  Gb  low_level_init.o [2]
__vector_table           0x800'0000         Data  Gb  startup_stm32f303xc.o [1]
_call_main               0x800'16b9         Code  Gb  cmain.o [4]
_exit                    0x800'16d5         Code  Gb  cexit.o [4]
_main                    0x800'16c7         Code  Gb  cmain.o [4]
aPLLMULFactorTable       0x800'0f40   0x10  Data  Gb  stm32f3xx_hal_rcc.o [1]
aPredivFactorTable       0x800'0f50   0x10  Data  Gb  stm32f3xx_hal_rcc.o [1]
exit                     0x800'16cf    0x4  Code  Gb  exit.o [2]
huart4                  0x2000'0010   0x80  Data  Gb  main.o [1]
main                     0x800'1461   0xa4  Code  Gb  main.o [1]
memset                   0x800'0f6f   0x14  Code  Gb  memset.o [4]
uwTick                  0x2000'0004    0x4  Data  Gb  stm32f3xx_hal.o [1]
uwTickFreq              0x2000'0000    0x1  Data  Gb  stm32f3xx_hal.o [1]
uwTickPrio              0x2000'0008    0x4  Data  Gb  stm32f3xx_hal.o [1]


[1] = C:\Users\e.anfimov\Documents\UART_test\EWARM\UART_test\Obj
[2] = dl7M_tln.a
[3] = m7M_tls.a
[4] = rt7M_tl.a
[5] = shb_l.a

  6'126 bytes of readonly  code memory
     62 bytes of readonly  data memory
  1'168 bytes of readwrite data memory

Errors: none
Warnings: none
